
[1m[46m RUN [49m[22m [36mv4.0.18 [39m[90mC:/Users/ghostdev/Downloads/ai agentic wallet[39m

node.exe : [90mstderr[2m | 
src/tests/WalletEngine.test.ts
At line:1 char:1
+ & "C:\Program Files\nodejs/node.exe" 
"C:\Program Files\nodejs/node_mo ...
+ ~~~~~~~~~~~~~~~~~~~~~~~~~~~~~~~~~~~~~~~~~
~~~~~~~~~~~~~~~~~~~~~~~~~~~~
    + CategoryInfo          : NotSpecified 
   : ([90mstderr[2m...tEngine.test.ts:S  
  tring) [], RemoteException
    + FullyQualifiedErrorId : NativeComman 
   dError
 
[22m[39mbigint: Failed to load bindings, 
pure JS will be used (try npm run rebuild?)

 [31mÔØ»[39m src/tests/WalletEngine.test.ts [2m([22m[2m3 tests[22m[2m | [22m[31m1 failed[39m[2m)[22m[32m 108[2mms[22m[39m
[31m     [31m├ù[31m should create a wallet[39m[32m 104[2mms[22m[39m
     [32mÔ£ô[39m should sign a transaction[32m 2[2mms[22m[39m
     [32mÔ£ô[39m should query balance[32m 0[2mms[22m[39m

[31mÔÄ»ÔÄ»ÔÄ»ÔÄ»ÔÄ»ÔÄ»ÔÄ»[39m[1m[41m 
Failed Tests 1 
[49m[22m[31mÔÄ»ÔÄ»ÔÄ»ÔÄ»ÔÄ»ÔÄ»ÔÄ»[39m

[41m[1m FAIL [22m[49m 
src/tests/WalletEngine.test.ts[2m > 
[22mWalletEngine[2m > [22mshould create 
a wallet
[31m[1mAssertionError[22m: expected 
'object' to be 'string' // Object.is 
equality[39m

Expected: [32m"string"[39m
Received: [31m"object"[39m

[36m [2mÔØ»[22m src/tests/WalletEngine.t
est.ts:[2m16:27[22m[39m
    [90m 14| [39m    [35mconst[39m 
pubkey [33m=[39m walletEngine[33m.[39m
[34mcreateWallet[39m([32m'test-agent-1'[
39m)[33m;[39m
    [90m 15| [39m    [34mexpect[39m(pub
key)[33m.[39m[34mtoBeDefined[39m()[33m
;[39m
    [90m 16| [39m    
[34mexpect[39m([35mtypeof[39m pubkey)[
33m.[39m[34mtoBe[39m([32m'string'[39m)
[33m;[39m
    [90m   | [39m                        
  [31m^[39m
    [90m 17| [39m  })[33m;[39m
    [90m 18| [39m

[31m[2mÔÄ»ÔÄ»ÔÄ»ÔÄ»ÔÄ»ÔÄ»ÔÄ»ÔÄ»ÔÄ»ÔÄ»ÔÄ»Ô
Ä»ÔÄ»ÔÄ»ÔÄ»ÔÄ»ÔÄ»ÔÄ»ÔÄ»ÔÄ»ÔÄ»ÔÄ»ÔÄ»ÔÄ»[1/1]
ÔÄ»[22m[39m


[2m Test Files [22m [1m[31m1 failed[39m[22m[90m (1)[39m
[2m      Tests [22m [1m[31m1 failed[39m[22m[2m | [22m[1m[32m2 passed[39m[22m[90m (3)[39m
[2m   Start at [22m 08:21:38
[2m   Duration [22m 1.42s[2m (transform 91ms, setup 0ms, import 731ms, tests 108ms, environment 0ms)[22m

